 1.00000E+00
 2.00000E+03*m
 8.33333E-04*s**(-1)
 1.11111E+00*m*s**(-1)
 5.00000E+00
ADA.IO_EXCEPTIONS.DATA_ERROR "; stays in input stream"
 1.00000E-01*s**(-1)
ADA.IO_EXCEPTIONS.DATA_ERROR "; stays in input stream"
SI.ILLEGAL_UNIT => wrong unit begin "m/s stays in input stream"
 8.00000E+00
ADA.IO_EXCEPTIONS.DATA_ERROR "m/s stays in input stream"
 9.00000E+00*m*s
 1.10000E+00*m*s
ADA.IO_EXCEPTIONS.DATA_ERROR "[-1] stays in input stream"
SI.ILLEGAL_UNIT => syntax error after symbol "2 stays in input stream"
SI.ILLEGAL_UNIT => unexpected character in number "kg stays in input stream"
SI.ILLEGAL_UNIT => syntax error in symbol "-3/kg stays in input stream"
SI.ILLEGAL_UNIT => prefix illegal ""
 0.00000E+00*K
 0.00000E+00
ADA.IO_EXCEPTIONS.DATA_ERROR "°C stays in input stream (no Celsius)"
 4.20000E+01*s*A
SI.ILLEGAL_UNIT => EoT no letter in symbol "°C stays in input stream"
