Must fail

"/"                 => SI.ILLEGAL_UNIT: divisor missing
"km/s;"             => SI.ILLEGAL_UNIT: string not exhausted
"*M/ms"             => SI.ILLEGAL_UNIT: illegal symbol
"/(ms*m**(-1))s"    => SI.ILLEGAL_UNIT: Spurious character after divisor
"S"                 => SI.UNIT_ERROR: Dimensionless

Must pass

 1.00000E+00
 1.00000E+00
 1.00000E+00*km/s
 1.00000E+03*m*s**(-1)
 1.00000E+00*m/ms
 1.00000E+01/(ms*dm**(-1))
 2.33395E-06*m**(-3)*kg**(-3/2)*s**(9/2)*A**(5/2)
 7.38060E-08*hs**(9/2)*dam**(-3)*mA**(5/2)*dag**(-3/2)
 2.33395E-06*m**(-3)*kg**(-3/2)*s**(9/2)*A**(5/2)
