SI.ILLEGAL_UNIT => missing unit, Rest of line ""
SI.ILLEGAL_UNIT => wrong unit begin, Rest of line "d"
100.0°C
-30.0°C
SI.ILLEGAL_UNIT => unexpected character, Rest of line "°"
100.0°C
ADA.IO_EXCEPTIONS.DATA_ERROR, Rest of line ";"
SI.ILLEGAL_UNIT => unexpected character, Rest of line ""
SI.ILLEGAL_UNIT => wrong unit begin, Rest of line "*K; stays in input stream"
SI.ILLEGAL_UNIT => wrong unit begin, Rest of line " °C"
2025.0°C
ADA.IO_EXCEPTIONS.DATA_ERROR, Rest of line "xyz"
SI.ILLEGAL_UNIT => wrong unit begin, Rest of line "*°C"
